affine_int8|normal|sanity_2x8x16x64|frozen -> PASS-WITH-FROZEN-METADATA
affine_int8|normal|sanity_2x8x16x64|recomputed -> PASS
affine_int8|normal|llm_h8_s128_d64|frozen -> PASS-WITH-FROZEN-METADATA
affine_int8|normal|llm_h8_s128_d64|recomputed -> PASS
affine_int8|normal|llm_h8_s2048_d128|frozen -> PASS-WITH-FROZEN-METADATA
affine_int8|normal|llm_h8_s2048_d128|recomputed -> PASS
affine_int8|heavy|sanity_2x8x16x64|frozen -> PASS-WITH-FROZEN-METADATA
affine_int8|heavy|sanity_2x8x16x64|recomputed -> PASS
affine_int8|heavy|llm_h8_s128_d64|frozen -> PASS-WITH-FROZEN-METADATA
affine_int8|heavy|llm_h8_s128_d64|recomputed -> PASS
affine_int8|heavy|llm_h8_s2048_d128|frozen -> PASS-WITH-FROZEN-METADATA
affine_int8|heavy|llm_h8_s2048_d128|recomputed -> PASS
affine_int8|outlier|sanity_2x8x16x64|frozen -> PASS-WITH-FROZEN-METADATA
affine_int8|outlier|sanity_2x8x16x64|recomputed -> PASS
affine_int8|outlier|llm_h8_s128_d64|frozen -> PASS-WITH-FROZEN-METADATA
affine_int8|outlier|llm_h8_s128_d64|recomputed -> PASS
affine_int8|outlier|llm_h8_s2048_d128|frozen -> PASS-WITH-FROZEN-METADATA
affine_int8|outlier|llm_h8_s2048_d128|recomputed -> NUMERICALLY-STABLE
affine_int8|rope|sanity_2x8x16x64|frozen -> PASS-WITH-FROZEN-METADATA
affine_int8|rope|sanity_2x8x16x64|recomputed -> PASS
affine_int8|rope|llm_h8_s128_d64|frozen -> PASS-WITH-FROZEN-METADATA
affine_int8|rope|llm_h8_s128_d64|recomputed -> PASS
affine_int8|rope|llm_h8_s2048_d128|frozen -> PASS-WITH-FROZEN-METADATA
affine_int8|rope|llm_h8_s2048_d128|recomputed -> PASS
symmetric_int8|normal|sanity_2x8x16x64|frozen -> PASS-WITH-FROZEN-METADATA
symmetric_int8|normal|sanity_2x8x16x64|recomputed -> PASS
symmetric_int8|normal|llm_h8_s128_d64|frozen -> PASS-WITH-FROZEN-METADATA
symmetric_int8|normal|llm_h8_s128_d64|recomputed -> PASS
symmetric_int8|normal|llm_h8_s2048_d128|frozen -> PASS-WITH-FROZEN-METADATA
symmetric_int8|normal|llm_h8_s2048_d128|recomputed -> PASS
symmetric_int8|heavy|sanity_2x8x16x64|frozen -> PASS-WITH-FROZEN-METADATA
symmetric_int8|heavy|sanity_2x8x16x64|recomputed -> PASS
symmetric_int8|heavy|llm_h8_s128_d64|frozen -> PASS-WITH-FROZEN-METADATA
symmetric_int8|heavy|llm_h8_s128_d64|recomputed -> PASS
symmetric_int8|heavy|llm_h8_s2048_d128|frozen -> PASS-WITH-FROZEN-METADATA
symmetric_int8|heavy|llm_h8_s2048_d128|recomputed -> PASS
symmetric_int8|outlier|sanity_2x8x16x64|frozen -> PASS-WITH-FROZEN-METADATA
symmetric_int8|outlier|sanity_2x8x16x64|recomputed -> PASS
symmetric_int8|outlier|llm_h8_s128_d64|frozen -> PASS-WITH-FROZEN-METADATA
symmetric_int8|outlier|llm_h8_s128_d64|recomputed -> PASS
symmetric_int8|outlier|llm_h8_s2048_d128|frozen -> PASS-WITH-FROZEN-METADATA
symmetric_int8|outlier|llm_h8_s2048_d128|recomputed -> PASS
symmetric_int8|rope|sanity_2x8x16x64|frozen -> PASS-WITH-FROZEN-METADATA
symmetric_int8|rope|sanity_2x8x16x64|recomputed -> PASS
symmetric_int8|rope|llm_h8_s128_d64|frozen -> PASS-WITH-FROZEN-METADATA
symmetric_int8|rope|llm_h8_s128_d64|recomputed -> PASS
symmetric_int8|rope|llm_h8_s2048_d128|frozen -> PASS-WITH-FROZEN-METADATA
symmetric_int8|rope|llm_h8_s2048_d128|recomputed -> PASS
pot_int8|normal|sanity_2x8x16x64|frozen -> PASS-WITH-FROZEN-METADATA
pot_int8|normal|sanity_2x8x16x64|recomputed -> PASS
pot_int8|normal|llm_h8_s128_d64|frozen -> PASS-WITH-FROZEN-METADATA
pot_int8|normal|llm_h8_s128_d64|recomputed -> PASS
pot_int8|normal|llm_h8_s2048_d128|frozen -> PASS-WITH-FROZEN-METADATA
pot_int8|normal|llm_h8_s2048_d128|recomputed -> PASS
pot_int8|heavy|sanity_2x8x16x64|frozen -> PASS-WITH-FROZEN-METADATA
pot_int8|heavy|sanity_2x8x16x64|recomputed -> PASS
pot_int8|heavy|llm_h8_s128_d64|frozen -> PASS-WITH-FROZEN-METADATA
pot_int8|heavy|llm_h8_s128_d64|recomputed -> PASS
pot_int8|heavy|llm_h8_s2048_d128|frozen -> PASS-WITH-FROZEN-METADATA
pot_int8|heavy|llm_h8_s2048_d128|recomputed -> PASS
pot_int8|outlier|sanity_2x8x16x64|frozen -> PASS-WITH-FROZEN-METADATA
pot_int8|outlier|sanity_2x8x16x64|recomputed -> PASS
pot_int8|outlier|llm_h8_s128_d64|frozen -> PASS-WITH-FROZEN-METADATA
pot_int8|outlier|llm_h8_s128_d64|recomputed -> PASS
pot_int8|outlier|llm_h8_s2048_d128|frozen -> PASS-WITH-FROZEN-METADATA
pot_int8|outlier|llm_h8_s2048_d128|recomputed -> PASS
pot_int8|rope|sanity_2x8x16x64|frozen -> PASS-WITH-FROZEN-METADATA
pot_int8|rope|sanity_2x8x16x64|recomputed -> PASS
pot_int8|rope|llm_h8_s128_d64|frozen -> PASS-WITH-FROZEN-METADATA
pot_int8|rope|llm_h8_s128_d64|recomputed -> PASS
pot_int8|rope|llm_h8_s2048_d128|frozen -> PASS-WITH-FROZEN-METADATA
pot_int8|rope|llm_h8_s2048_d128|recomputed -> PASS
affine_int4|normal|sanity_2x8x16x64|frozen -> PASS-WITH-FROZEN-METADATA
affine_int4|normal|sanity_2x8x16x64|recomputed -> PASS
affine_int4|normal|llm_h8_s128_d64|frozen -> PASS-WITH-FROZEN-METADATA
affine_int4|normal|llm_h8_s128_d64|recomputed -> PASS
affine_int4|normal|llm_h8_s2048_d128|frozen -> PASS-WITH-FROZEN-METADATA
affine_int4|normal|llm_h8_s2048_d128|recomputed -> NUMERICALLY-STABLE
affine_int4|heavy|sanity_2x8x16x64|frozen -> PASS-WITH-FROZEN-METADATA
affine_int4|heavy|sanity_2x8x16x64|recomputed -> PASS
affine_int4|heavy|llm_h8_s128_d64|frozen -> PASS-WITH-FROZEN-METADATA
affine_int4|heavy|llm_h8_s128_d64|recomputed -> PASS
affine_int4|heavy|llm_h8_s2048_d128|frozen -> PASS-WITH-FROZEN-METADATA
affine_int4|heavy|llm_h8_s2048_d128|recomputed -> PASS
affine_int4|outlier|sanity_2x8x16x64|frozen -> PASS-WITH-FROZEN-METADATA
affine_int4|outlier|sanity_2x8x16x64|recomputed -> PASS
affine_int4|outlier|llm_h8_s128_d64|frozen -> PASS-WITH-FROZEN-METADATA
affine_int4|outlier|llm_h8_s128_d64|recomputed -> NUMERICALLY-STABLE
affine_int4|outlier|llm_h8_s2048_d128|frozen -> PASS-WITH-FROZEN-METADATA
affine_int4|outlier|llm_h8_s2048_d128|recomputed -> PASS
affine_int4|rope|sanity_2x8x16x64|frozen -> PASS-WITH-FROZEN-METADATA
affine_int4|rope|sanity_2x8x16x64|recomputed -> PASS
affine_int4|rope|llm_h8_s128_d64|frozen -> PASS-WITH-FROZEN-METADATA
affine_int4|rope|llm_h8_s128_d64|recomputed -> PASS
affine_int4|rope|llm_h8_s2048_d128|frozen -> PASS-WITH-FROZEN-METADATA
affine_int4|rope|llm_h8_s2048_d128|recomputed -> PASS
symmetric_int4|normal|sanity_2x8x16x64|frozen -> PASS-WITH-FROZEN-METADATA
symmetric_int4|normal|sanity_2x8x16x64|recomputed -> PASS
symmetric_int4|normal|llm_h8_s128_d64|frozen -> PASS-WITH-FROZEN-METADATA
symmetric_int4|normal|llm_h8_s128_d64|recomputed -> PASS
symmetric_int4|normal|llm_h8_s2048_d128|frozen -> PASS-WITH-FROZEN-METADATA
symmetric_int4|normal|llm_h8_s2048_d128|recomputed -> PASS
symmetric_int4|heavy|sanity_2x8x16x64|frozen -> PASS-WITH-FROZEN-METADATA
symmetric_int4|heavy|sanity_2x8x16x64|recomputed -> PASS
symmetric_int4|heavy|llm_h8_s128_d64|frozen -> PASS-WITH-FROZEN-METADATA
symmetric_int4|heavy|llm_h8_s128_d64|recomputed -> PASS
symmetric_int4|heavy|llm_h8_s2048_d128|frozen -> PASS-WITH-FROZEN-METADATA
symmetric_int4|heavy|llm_h8_s2048_d128|recomputed -> PASS
symmetric_int4|outlier|sanity_2x8x16x64|frozen -> PASS-WITH-FROZEN-METADATA
symmetric_int4|outlier|sanity_2x8x16x64|recomputed -> PASS
symmetric_int4|outlier|llm_h8_s128_d64|frozen -> PASS-WITH-FROZEN-METADATA
symmetric_int4|outlier|llm_h8_s128_d64|recomputed -> PASS
symmetric_int4|outlier|llm_h8_s2048_d128|frozen -> PASS-WITH-FROZEN-METADATA
symmetric_int4|outlier|llm_h8_s2048_d128|recomputed -> PASS
symmetric_int4|rope|sanity_2x8x16x64|frozen -> PASS-WITH-FROZEN-METADATA
symmetric_int4|rope|sanity_2x8x16x64|recomputed -> PASS
symmetric_int4|rope|llm_h8_s128_d64|frozen -> PASS-WITH-FROZEN-METADATA
symmetric_int4|rope|llm_h8_s128_d64|recomputed -> PASS
symmetric_int4|rope|llm_h8_s2048_d128|frozen -> PASS-WITH-FROZEN-METADATA
symmetric_int4|rope|llm_h8_s2048_d128|recomputed -> PASS
pot_int4|normal|sanity_2x8x16x64|frozen -> PASS-WITH-FROZEN-METADATA
pot_int4|normal|sanity_2x8x16x64|recomputed -> PASS
pot_int4|normal|llm_h8_s128_d64|frozen -> PASS-WITH-FROZEN-METADATA
pot_int4|normal|llm_h8_s128_d64|recomputed -> PASS
pot_int4|normal|llm_h8_s2048_d128|frozen -> PASS-WITH-FROZEN-METADATA
pot_int4|normal|llm_h8_s2048_d128|recomputed -> PASS
pot_int4|heavy|sanity_2x8x16x64|frozen -> PASS-WITH-FROZEN-METADATA
pot_int4|heavy|sanity_2x8x16x64|recomputed -> PASS
pot_int4|heavy|llm_h8_s128_d64|frozen -> PASS-WITH-FROZEN-METADATA
pot_int4|heavy|llm_h8_s128_d64|recomputed -> PASS
pot_int4|heavy|llm_h8_s2048_d128|frozen -> PASS-WITH-FROZEN-METADATA
pot_int4|heavy|llm_h8_s2048_d128|recomputed -> PASS
pot_int4|outlier|sanity_2x8x16x64|frozen -> PASS-WITH-FROZEN-METADATA
pot_int4|outlier|sanity_2x8x16x64|recomputed -> PASS
pot_int4|outlier|llm_h8_s128_d64|frozen -> PASS-WITH-FROZEN-METADATA
pot_int4|outlier|llm_h8_s128_d64|recomputed -> PASS
pot_int4|outlier|llm_h8_s2048_d128|frozen -> PASS-WITH-FROZEN-METADATA
pot_int4|outlier|llm_h8_s2048_d128|recomputed -> PASS
pot_int4|rope|sanity_2x8x16x64|frozen -> PASS-WITH-FROZEN-METADATA
pot_int4|rope|sanity_2x8x16x64|recomputed -> PASS
pot_int4|rope|llm_h8_s128_d64|frozen -> PASS-WITH-FROZEN-METADATA
pot_int4|rope|llm_h8_s128_d64|recomputed -> PASS
pot_int4|rope|llm_h8_s2048_d128|frozen -> PASS-WITH-FROZEN-METADATA
pot_int4|rope|llm_h8_s2048_d128|recomputed -> PASS
affine_int2|normal|sanity_2x8x16x64|frozen -> PASS-WITH-FROZEN-METADATA
affine_int2|normal|sanity_2x8x16x64|recomputed -> PASS
affine_int2|normal|llm_h8_s128_d64|frozen -> PASS-WITH-FROZEN-METADATA
affine_int2|normal|llm_h8_s128_d64|recomputed -> PASS
affine_int2|normal|llm_h8_s2048_d128|frozen -> PASS-WITH-FROZEN-METADATA
affine_int2|normal|llm_h8_s2048_d128|recomputed -> PASS
affine_int2|heavy|sanity_2x8x16x64|frozen -> PASS-WITH-FROZEN-METADATA
affine_int2|heavy|sanity_2x8x16x64|recomputed -> PASS
affine_int2|heavy|llm_h8_s128_d64|frozen -> PASS-WITH-FROZEN-METADATA
affine_int2|heavy|llm_h8_s128_d64|recomputed -> PASS
affine_int2|heavy|llm_h8_s2048_d128|frozen -> PASS-WITH-FROZEN-METADATA
affine_int2|heavy|llm_h8_s2048_d128|recomputed -> PASS
affine_int2|outlier|sanity_2x8x16x64|frozen -> PASS-WITH-FROZEN-METADATA
affine_int2|outlier|sanity_2x8x16x64|recomputed -> PASS
affine_int2|outlier|llm_h8_s128_d64|frozen -> PASS-WITH-FROZEN-METADATA
affine_int2|outlier|llm_h8_s128_d64|recomputed -> PASS
affine_int2|outlier|llm_h8_s2048_d128|frozen -> PASS-WITH-FROZEN-METADATA
affine_int2|outlier|llm_h8_s2048_d128|recomputed -> PASS
affine_int2|rope|sanity_2x8x16x64|frozen -> PASS-WITH-FROZEN-METADATA
affine_int2|rope|sanity_2x8x16x64|recomputed -> PASS
affine_int2|rope|llm_h8_s128_d64|frozen -> PASS-WITH-FROZEN-METADATA
affine_int2|rope|llm_h8_s128_d64|recomputed -> PASS
affine_int2|rope|llm_h8_s2048_d128|frozen -> PASS-WITH-FROZEN-METADATA
affine_int2|rope|llm_h8_s2048_d128|recomputed -> PASS
symmetric_int2|normal|sanity_2x8x16x64|frozen -> PASS-WITH-FROZEN-METADATA
symmetric_int2|normal|sanity_2x8x16x64|recomputed -> PASS
symmetric_int2|normal|llm_h8_s128_d64|frozen -> PASS-WITH-FROZEN-METADATA
symmetric_int2|normal|llm_h8_s128_d64|recomputed -> PASS
symmetric_int2|normal|llm_h8_s2048_d128|frozen -> PASS-WITH-FROZEN-METADATA
symmetric_int2|normal|llm_h8_s2048_d128|recomputed -> PASS
symmetric_int2|heavy|sanity_2x8x16x64|frozen -> PASS-WITH-FROZEN-METADATA
symmetric_int2|heavy|sanity_2x8x16x64|recomputed -> PASS
symmetric_int2|heavy|llm_h8_s128_d64|frozen -> PASS-WITH-FROZEN-METADATA
symmetric_int2|heavy|llm_h8_s128_d64|recomputed -> PASS
symmetric_int2|heavy|llm_h8_s2048_d128|frozen -> PASS-WITH-FROZEN-METADATA
symmetric_int2|heavy|llm_h8_s2048_d128|recomputed -> PASS
symmetric_int2|outlier|sanity_2x8x16x64|frozen -> PASS-WITH-FROZEN-METADATA
symmetric_int2|outlier|sanity_2x8x16x64|recomputed -> PASS
symmetric_int2|outlier|llm_h8_s128_d64|frozen -> PASS-WITH-FROZEN-METADATA
symmetric_int2|outlier|llm_h8_s128_d64|recomputed -> PASS
symmetric_int2|outlier|llm_h8_s2048_d128|frozen -> PASS-WITH-FROZEN-METADATA
symmetric_int2|outlier|llm_h8_s2048_d128|recomputed -> PASS
symmetric_int2|rope|sanity_2x8x16x64|frozen -> PASS-WITH-FROZEN-METADATA
symmetric_int2|rope|sanity_2x8x16x64|recomputed -> PASS
symmetric_int2|rope|llm_h8_s128_d64|frozen -> PASS-WITH-FROZEN-METADATA
symmetric_int2|rope|llm_h8_s128_d64|recomputed -> PASS
symmetric_int2|rope|llm_h8_s2048_d128|frozen -> PASS-WITH-FROZEN-METADATA
symmetric_int2|rope|llm_h8_s2048_d128|recomputed -> PASS
pot_int2|normal|sanity_2x8x16x64|frozen -> PASS-WITH-FROZEN-METADATA
pot_int2|normal|sanity_2x8x16x64|recomputed -> PASS
pot_int2|normal|llm_h8_s128_d64|frozen -> PASS-WITH-FROZEN-METADATA
pot_int2|normal|llm_h8_s128_d64|recomputed -> PASS
pot_int2|normal|llm_h8_s2048_d128|frozen -> PASS-WITH-FROZEN-METADATA
pot_int2|normal|llm_h8_s2048_d128|recomputed -> PASS
pot_int2|heavy|sanity_2x8x16x64|frozen -> PASS-WITH-FROZEN-METADATA
pot_int2|heavy|sanity_2x8x16x64|recomputed -> PASS
pot_int2|heavy|llm_h8_s128_d64|frozen -> PASS-WITH-FROZEN-METADATA
pot_int2|heavy|llm_h8_s128_d64|recomputed -> PASS
pot_int2|heavy|llm_h8_s2048_d128|frozen -> PASS-WITH-FROZEN-METADATA
pot_int2|heavy|llm_h8_s2048_d128|recomputed -> PASS
pot_int2|outlier|sanity_2x8x16x64|frozen -> PASS-WITH-FROZEN-METADATA
pot_int2|outlier|sanity_2x8x16x64|recomputed -> PASS
pot_int2|outlier|llm_h8_s128_d64|frozen -> PASS-WITH-FROZEN-METADATA
pot_int2|outlier|llm_h8_s128_d64|recomputed -> PASS
pot_int2|outlier|llm_h8_s2048_d128|frozen -> PASS-WITH-FROZEN-METADATA
pot_int2|outlier|llm_h8_s2048_d128|recomputed -> PASS
pot_int2|rope|sanity_2x8x16x64|frozen -> PASS-WITH-FROZEN-METADATA
pot_int2|rope|sanity_2x8x16x64|recomputed -> PASS
pot_int2|rope|llm_h8_s128_d64|frozen -> PASS-WITH-FROZEN-METADATA
pot_int2|rope|llm_h8_s128_d64|recomputed -> PASS
pot_int2|rope|llm_h8_s2048_d128|frozen -> PASS-WITH-FROZEN-METADATA
pot_int2|rope|llm_h8_s2048_d128|recomputed -> PASS
fp8_e4m3|normal|sanity_2x8x16x64|frozen -> PASS-WITH-FROZEN-METADATA
fp8_e4m3|normal|sanity_2x8x16x64|recomputed -> PASS
fp8_e4m3|normal|llm_h8_s128_d64|frozen -> PASS-WITH-FROZEN-METADATA
fp8_e4m3|normal|llm_h8_s128_d64|recomputed -> PASS
fp8_e4m3|normal|llm_h8_s2048_d128|frozen -> PASS-WITH-FROZEN-METADATA
fp8_e4m3|normal|llm_h8_s2048_d128|recomputed -> PASS
fp8_e4m3|heavy|sanity_2x8x16x64|frozen -> PASS-WITH-FROZEN-METADATA
fp8_e4m3|heavy|sanity_2x8x16x64|recomputed -> PASS
fp8_e4m3|heavy|llm_h8_s128_d64|frozen -> PASS-WITH-FROZEN-METADATA
fp8_e4m3|heavy|llm_h8_s128_d64|recomputed -> PASS
fp8_e4m3|heavy|llm_h8_s2048_d128|frozen -> PASS-WITH-FROZEN-METADATA
fp8_e4m3|heavy|llm_h8_s2048_d128|recomputed -> PASS
fp8_e4m3|outlier|sanity_2x8x16x64|frozen -> PASS-WITH-FROZEN-METADATA
fp8_e4m3|outlier|sanity_2x8x16x64|recomputed -> PASS
fp8_e4m3|outlier|llm_h8_s128_d64|frozen -> PASS-WITH-FROZEN-METADATA
fp8_e4m3|outlier|llm_h8_s128_d64|recomputed -> PASS
fp8_e4m3|outlier|llm_h8_s2048_d128|frozen -> PASS-WITH-FROZEN-METADATA
fp8_e4m3|outlier|llm_h8_s2048_d128|recomputed -> PASS
fp8_e4m3|rope|sanity_2x8x16x64|frozen -> PASS-WITH-FROZEN-METADATA
fp8_e4m3|rope|sanity_2x8x16x64|recomputed -> PASS
fp8_e4m3|rope|llm_h8_s128_d64|frozen -> PASS-WITH-FROZEN-METADATA
fp8_e4m3|rope|llm_h8_s128_d64|recomputed -> PASS
fp8_e4m3|rope|llm_h8_s2048_d128|frozen -> PASS-WITH-FROZEN-METADATA
fp8_e4m3|rope|llm_h8_s2048_d128|recomputed -> PASS
fp8_e5m2|normal|sanity_2x8x16x64|frozen -> PASS-WITH-FROZEN-METADATA
fp8_e5m2|normal|sanity_2x8x16x64|recomputed -> PASS
fp8_e5m2|normal|llm_h8_s128_d64|frozen -> PASS-WITH-FROZEN-METADATA
fp8_e5m2|normal|llm_h8_s128_d64|recomputed -> PASS
fp8_e5m2|normal|llm_h8_s2048_d128|frozen -> PASS-WITH-FROZEN-METADATA
fp8_e5m2|normal|llm_h8_s2048_d128|recomputed -> PASS
fp8_e5m2|heavy|sanity_2x8x16x64|frozen -> PASS-WITH-FROZEN-METADATA
fp8_e5m2|heavy|sanity_2x8x16x64|recomputed -> PASS
fp8_e5m2|heavy|llm_h8_s128_d64|frozen -> PASS-WITH-FROZEN-METADATA
fp8_e5m2|heavy|llm_h8_s128_d64|recomputed -> PASS
fp8_e5m2|heavy|llm_h8_s2048_d128|frozen -> PASS-WITH-FROZEN-METADATA
fp8_e5m2|heavy|llm_h8_s2048_d128|recomputed -> PASS
fp8_e5m2|outlier|sanity_2x8x16x64|frozen -> PASS-WITH-FROZEN-METADATA
fp8_e5m2|outlier|sanity_2x8x16x64|recomputed -> PASS
fp8_e5m2|outlier|llm_h8_s128_d64|frozen -> PASS-WITH-FROZEN-METADATA
fp8_e5m2|outlier|llm_h8_s128_d64|recomputed -> PASS
fp8_e5m2|outlier|llm_h8_s2048_d128|frozen -> PASS-WITH-FROZEN-METADATA
fp8_e5m2|outlier|llm_h8_s2048_d128|recomputed -> PASS
fp8_e5m2|rope|sanity_2x8x16x64|frozen -> PASS-WITH-FROZEN-METADATA
fp8_e5m2|rope|sanity_2x8x16x64|recomputed -> PASS
fp8_e5m2|rope|llm_h8_s128_d64|frozen -> PASS-WITH-FROZEN-METADATA
fp8_e5m2|rope|llm_h8_s128_d64|recomputed -> PASS
fp8_e5m2|rope|llm_h8_s2048_d128|frozen -> PASS-WITH-FROZEN-METADATA
fp8_e5m2|rope|llm_h8_s2048_d128|recomputed -> PASS
mxfp4_b32|normal|sanity_2x8x16x64|frozen -> PASS-WITH-FROZEN-METADATA
mxfp4_b32|normal|sanity_2x8x16x64|recomputed -> PASS
mxfp4_b32|normal|llm_h8_s128_d64|frozen -> PASS-WITH-FROZEN-METADATA
mxfp4_b32|normal|llm_h8_s128_d64|recomputed -> PASS
mxfp4_b32|normal|llm_h8_s2048_d128|frozen -> PASS-WITH-FROZEN-METADATA
mxfp4_b32|normal|llm_h8_s2048_d128|recomputed -> PASS
mxfp4_b32|heavy|sanity_2x8x16x64|frozen -> PASS-WITH-FROZEN-METADATA
mxfp4_b32|heavy|sanity_2x8x16x64|recomputed -> PASS
mxfp4_b32|heavy|llm_h8_s128_d64|frozen -> PASS-WITH-FROZEN-METADATA
mxfp4_b32|heavy|llm_h8_s128_d64|recomputed -> PASS
mxfp4_b32|heavy|llm_h8_s2048_d128|frozen -> PASS-WITH-FROZEN-METADATA
mxfp4_b32|heavy|llm_h8_s2048_d128|recomputed -> PASS
mxfp4_b32|outlier|sanity_2x8x16x64|frozen -> PASS-WITH-FROZEN-METADATA
mxfp4_b32|outlier|sanity_2x8x16x64|recomputed -> PASS
mxfp4_b32|outlier|llm_h8_s128_d64|frozen -> PASS-WITH-FROZEN-METADATA
mxfp4_b32|outlier|llm_h8_s128_d64|recomputed -> PASS
mxfp4_b32|outlier|llm_h8_s2048_d128|frozen -> PASS-WITH-FROZEN-METADATA
mxfp4_b32|outlier|llm_h8_s2048_d128|recomputed -> PASS
mxfp4_b32|rope|sanity_2x8x16x64|frozen -> PASS-WITH-FROZEN-METADATA
mxfp4_b32|rope|sanity_2x8x16x64|recomputed -> PASS
mxfp4_b32|rope|llm_h8_s128_d64|frozen -> PASS-WITH-FROZEN-METADATA
mxfp4_b32|rope|llm_h8_s128_d64|recomputed -> PASS
mxfp4_b32|rope|llm_h8_s2048_d128|frozen -> PASS-WITH-FROZEN-METADATA
mxfp4_b32|rope|llm_h8_s2048_d128|recomputed -> PASS
vq_d4_k256|normal|sanity_2x8x16x64|frozen -> PASS-WITH-FROZEN-METADATA
vq_d4_k256|normal|sanity_2x8x16x64|recomputed -> FAIL-DRIFT
vq_d4_k256|normal|llm_h8_s128_d64|frozen -> PASS-WITH-FROZEN-METADATA
vq_d4_k256|normal|llm_h8_s128_d64|recomputed -> FAIL-DRIFT
vq_d4_k256|heavy|sanity_2x8x16x64|frozen -> PASS-WITH-FROZEN-METADATA
vq_d4_k256|heavy|sanity_2x8x16x64|recomputed -> FAIL-DRIFT
vq_d4_k256|heavy|llm_h8_s128_d64|frozen -> PASS-WITH-FROZEN-METADATA
vq_d4_k256|heavy|llm_h8_s128_d64|recomputed -> FAIL-DRIFT
vq_d4_k256|outlier|sanity_2x8x16x64|frozen -> PASS-WITH-FROZEN-METADATA
vq_d4_k256|outlier|sanity_2x8x16x64|recomputed -> FAIL-DRIFT
vq_d4_k256|outlier|llm_h8_s128_d64|frozen -> PASS-WITH-FROZEN-METADATA
vq_d4_k256|outlier|llm_h8_s128_d64|recomputed -> FAIL-DRIFT
vq_d4_k256|rope|sanity_2x8x16x64|frozen -> PASS-WITH-FROZEN-METADATA
vq_d4_k256|rope|sanity_2x8x16x64|recomputed -> FAIL-DRIFT
vq_d4_k256|rope|llm_h8_s128_d64|frozen -> PASS-WITH-FROZEN-METADATA
vq_d4_k256|rope|llm_h8_s128_d64|recomputed -> FAIL-DRIFT
pq_d2_k16|normal|sanity_2x8x16x64|frozen -> PASS-WITH-FROZEN-METADATA
pq_d2_k16|normal|sanity_2x8x16x64|recomputed -> FAIL-DRIFT
pq_d2_k16|normal|llm_h8_s128_d64|frozen -> PASS-WITH-FROZEN-METADATA
pq_d2_k16|normal|llm_h8_s128_d64|recomputed -> NUMERICALLY-STABLE
pq_d2_k16|heavy|sanity_2x8x16x64|frozen -> PASS-WITH-FROZEN-METADATA
pq_d2_k16|heavy|sanity_2x8x16x64|recomputed -> FAIL-DRIFT
pq_d2_k16|heavy|llm_h8_s128_d64|frozen -> PASS-WITH-FROZEN-METADATA
pq_d2_k16|heavy|llm_h8_s128_d64|recomputed -> FAIL-DRIFT
pq_d2_k16|outlier|sanity_2x8x16x64|frozen -> PASS-WITH-FROZEN-METADATA
pq_d2_k16|outlier|sanity_2x8x16x64|recomputed -> FAIL-DRIFT
pq_d2_k16|outlier|llm_h8_s128_d64|frozen -> PASS-WITH-FROZEN-METADATA
pq_d2_k16|outlier|llm_h8_s128_d64|recomputed -> FAIL-DRIFT
pq_d2_k16|rope|sanity_2x8x16x64|frozen -> PASS-WITH-FROZEN-METADATA
pq_d2_k16|rope|sanity_2x8x16x64|recomputed -> FAIL-DRIFT
pq_d2_k16|rope|llm_h8_s128_d64|frozen -> PASS-WITH-FROZEN-METADATA
pq_d2_k16|rope|llm_h8_s128_d64|recomputed -> FAIL-DRIFT
WROTE /home/user/FFmpeg/kv_quant_idempotence/src/../results/results.json
